
> arcfx-frontend@0.1.0 build
> tsc -b && vite build

src/App.tsx(4,10): error TS2305: Module '"./components/PriceChart"' has no exported member 'TradingViewChart'.
src/App.tsx(53,21): error TS2322: Type '{ slippage: string; setSlippage: Dispatch<SetStateAction<string>>; tokenIn: { symbol: string; name: string; decimals: number; addr: string; logo: string; }; setTokenIn: Dispatch<...>; tokenOut: { ...; }; setTokenOut: Dispatch<...>; }' is not assignable to type 'IntrinsicAttributes & { slippage: string; setSlippage: (val: string) => void; }'.
  Property 'tokenIn' does not exist on type 'IntrinsicAttributes & { slippage: string; setSlippage: (val: string) => void; }'.
src/components/Dashboard.tsx(144,22): error TS2339: Property 'abi' does not exist on type '({ inputs: { internalType: string; name: string; type: string; }[]; name: string; type: string; anonymous?: undefined; outputs?: undefined; stateMutability?: undefined; } | { anonymous: boolean; inputs: { ...; }[]; name: string; type: string; outputs?: undefined; stateMutability?: undefined; } | { ...; })[]'.
src/components/Dashboard.tsx(201,5): error TS2322: Type '{ address: `0x${string}`; abi: { inputs: { internalType: string; name: string; type: string; }[]; name: string; outputs: { internalType: string; name: string; type: string; }[]; stateMutability: string; type: string; }[]; functionName: string; args: any[]; tokens: any; }[]' is not assignable to type 'readonly { abi?: Abi | undefined; functionName?: string | undefined; args?: readonly unknown[] | undefined; address?: `0x${string}` | undefined; chainId?: number | undefined; }[]'.
  Type '{ address: `0x${string}`; abi: { inputs: { internalType: string; name: string; type: string; }[]; name: string; outputs: { internalType: string; name: string; type: string; }[]; stateMutability: string; type: string; }[]; functionName: string; args: any[]; tokens: any; }' is not assignable to type '{ abi?: Abi | undefined; functionName?: string | undefined; args?: readonly unknown[] | undefined; address?: `0x${string}` | undefined; chainId?: number | undefined; }'.
    Types of property 'abi' are incompatible.
      Type '{ inputs: { internalType: string; name: string; type: string; }[]; name: string; outputs: { internalType: string; name: string; type: string; }[]; stateMutability: string; type: string; }[]' is not assignable to type 'readonly (AbiConstructor | AbiError | AbiEvent | AbiFallback | AbiFunction | AbiReceive)[]'.
        Type '{ inputs: { internalType: string; name: string; type: string; }[]; name: string; outputs: { internalType: string; name: string; type: string; }[]; stateMutability: string; type: string; }' is not assignable to type 'AbiConstructor | AbiError | AbiEvent | AbiFallback | AbiFunction | AbiReceive'.
          Type '{ inputs: { internalType: string; name: string; type: string; }[]; name: string; outputs: { internalType: string; name: string; type: string; }[]; stateMutability: string; type: string; }' is not assignable to type 'AbiFunction'.
            Types of property 'type' are incompatible.
              Type 'string' is not assignable to type '"function"'.
src/components/Dashboard.tsx(211,26): error TS2339: Property 'abi' does not exist on type '({ inputs: { internalType: string; name: string; type: string; }[]; name: string; type: string; anonymous?: undefined; outputs?: undefined; stateMutability?: undefined; } | { anonymous: boolean; inputs: { ...; }[]; name: string; type: string; outputs?: undefined; stateMutability?: undefined; } | { ...; })[]'.
src/components/Dashboard.tsx(228,22): error TS2339: Property 'abi' does not exist on type '({ inputs: { internalType: string; name: string; type: string; }[]; name: string; type: string; anonymous?: undefined; outputs?: undefined; stateMutability?: undefined; } | { anonymous: boolean; inputs: { ...; }[]; name: string; type: string; outputs?: undefined; stateMutability?: undefined; } | { ...; })[]'.
src/components/Dashboard.tsx(237,20): error TS2339: Property 'abi' does not exist on type '({ inputs: { internalType: string; name: string; type: string; }[]; stateMutability: string; type: string; name?: undefined; anonymous?: undefined; outputs?: undefined; } | { inputs: { internalType: string; name: string; type: string; }[]; ... 4 more ...; outputs?: undefined; } | { ...; } | { ...; })[]'.
src/components/FarmPanel.tsx(30,20): error TS2339: Property 'abi' does not exist on type '({ inputs: { internalType: string; name: string; type: string; }[]; name: string; type: string; anonymous?: undefined; outputs?: undefined; stateMutability?: undefined; } | { anonymous: boolean; inputs: { ...; }[]; name: string; type: string; outputs?: undefined; stateMutability?: undefined; } | { ...; })[]'.
src/components/FarmPanel.tsx(38,20): error TS2339: Property 'abi' does not exist on type '({ inputs: { internalType: string; name: string; type: string; }[]; name: string; type: string; anonymous?: undefined; outputs?: undefined; stateMutability?: undefined; } | { anonymous: boolean; inputs: { ...; }[]; name: string; type: string; outputs?: undefined; stateMutability?: undefined; } | { ...; })[]'.
src/components/FarmPanel.tsx(88,22): error TS2339: Property 'abi' does not exist on type '({ inputs: { internalType: string; name: string; type: string; }[]; name: string; type: string; anonymous?: undefined; outputs?: undefined; stateMutability?: undefined; } | { anonymous: boolean; inputs: { ...; }[]; name: string; type: string; outputs?: undefined; stateMutability?: undefined; } | { ...; })[]'.
src/components/Header.tsx(82,15): error TS2339: Property 'symbol' does not exist on type '{ addr: "0x83F14a7474205e3eB604CdD19E4F7f9FD688Ed53"; decimals: number; } | { addr: "0x83F15d7890478904789047890478904789047890"; decimals: number; } | { addr: "0x834D997C5280c5729503AD1608596BB5FE673A3b"; decimals: number; } | { ...; } | { ...; }'.
  Property 'symbol' does not exist on type '{ addr: "0x83F14a7474205e3eB604CdD19E4F7f9FD688Ed53"; decimals: number; }'.
src/components/Header.tsx(83,20): error TS2339: Property 'symbol' does not exist on type '{ addr: "0x83F14a7474205e3eB604CdD19E4F7f9FD688Ed53"; decimals: number; } | { addr: "0x83F15d7890478904789047890478904789047890"; decimals: number; } | { addr: "0x834D997C5280c5729503AD1608596BB5FE673A3b"; decimals: number; } | { ...; } | { ...; }'.
  Property 'symbol' does not exist on type '{ addr: "0x83F14a7474205e3eB604CdD19E4F7f9FD688Ed53"; decimals: number; }'.
src/components/Header.tsx(138,14): error TS2304: Cannot find name 'Droplets'.
npm error Lifecycle script `build` failed with error:
npm error code 1
npm error path /Users/emreoktem/ArcFX/frontend
npm error workspace arcfx-frontend@0.1.0
npm error location /Users/emreoktem/ArcFX/frontend
npm error command failed
npm error command sh -c tsc -b && vite build
